aopalliance:aopalliance 1.0 TODO
com.fasterxml.jackson.core:jackson-annotations 2.5.4 TODO
com.fasterxml.jackson.core:jackson-core 2.4.0 TODO
com.fasterxml.jackson.core:jackson-databind 2.4.0 TODO
com.fasterxml.jackson.dataformat:jackson-dataformat-yaml 2.7.4 TODO
com.fasterxml.jackson.jaxrs:jackson-jaxrs-base 2.5.4 TODO
com.fasterxml.jackson.jaxrs:jackson-jaxrs-json-provider 2.4.0 TODO
com.fasterxml.jackson.module:jackson-module-jaxb-annotations 2.4.0 TODO
com.lowagie:itext 4.2.0 TODO
commons-cli:commons-cli 1.2 TODO
commons-codec:commons-codec 1.2 TODO
commons-io:commons-io 2.4 TODO
commons-logging:commons-logging 1.2 TODO
de.tarent.dfg-commons:background-jobs 1.15 TODO
de.tarent.extract:extract-tool 1.4 TODO
javax.activation:activation 1.1 TODO
javax.annotation:javax.annotation-api 1.2 TODO
javax.mail:mail 1.4.7 TODO
javax.validation:validation-api 1.1.0.Final TODO
javax.ws.rs:javax.ws.rs-api 2.0.1 TODO
jfree:jcommon 1.0.15 TODO
jfree:jfreechart 1.0.12 TODO
org.apache.commons:commons-csv 1.2 TODO
org.apache.commons:commons-lang3 3.4 TODO
org.apache.logging.log4j:log4j-api 2.5 TODO
org.apache.logging.log4j:log4j-core 2.5 TODO
org.apache.logging.log4j:log4j-jcl 2.2 TODO
org.bouncycastle:bcmail-jdk14 1.38 TODO
org.bouncycastle:bcprov-jdk14 1.38 TODO
org.bouncycastle:bctsp-jdk14 1.38 TODO
org.glassfish.hk2.external:aopalliance-repackaged 2.4.0-b34 TODO
org.glassfish.hk2.external:javax.inject 2.4.0-b34 TODO
org.glassfish.hk2:hk2-api 2.4.0-b34 TODO
org.glassfish.hk2:hk2-locator 2.4.0-b34 TODO
org.glassfish.hk2:hk2-utils 2.4.0-b34 TODO
org.glassfish.hk2:osgi-resource-locator 1.0.1 TODO
org.glassfish.jersey.bundles.repackaged:jersey-guava 2.22.2 TODO
org.glassfish.jersey.containers:jersey-container-servlet 2.22.2 TODO
org.glassfish.jersey.containers:jersey-container-servlet-core 2.22.2 TODO
org.glassfish.jersey.core:jersey-client 2.22.2 TODO
org.glassfish.jersey.core:jersey-common 2.22.2 TODO
org.glassfish.jersey.core:jersey-server 2.22.2 TODO
org.glassfish.jersey.ext:jersey-entity-filtering 2.22.2 TODO
org.glassfish.jersey.media:jersey-media-jaxb 2.22.2 TODO
org.glassfish.jersey.media:jersey-media-json-jackson 2.22.2 TODO
org.glassfish.jersey.media:jersey-media-multipart 2.22.2 TODO
org.jvnet.mimepull:mimepull 1.9.6 TODO
org.postgresql:postgresql 9.4.1208.jre7 TODO
org.springframework:spring-aop 4.1.4.RELEASE TODO
org.springframework:spring-beans 4.1.4.RELEASE TODO
org.springframework:spring-context 4.1.4.RELEASE TODO
org.springframework:spring-core 4.1.4.RELEASE TODO
org.springframework:spring-expression 4.1.4.RELEASE TODO
org.springframework:spring-jdbc 4.2.6.RELEASE TODO
org.springframework:spring-tx 4.2.6.RELEASE TODO
org.swinglabs:pdf-renderer 1.0.5 TODO
org.yaml:snakeyaml 1.15 TODO
