antlr:antlr 2.7.7 TODO
aopalliance:aopalliance 1.0 TODO
axis:axis 1.4 TODO
axis:axis-wsdl4j 1.5.1 TODO
bower::bootstrap 3.3.7 TODO
bower::bootstrapvalidator 0.5.3 TODO
bower::jquery 3.3.1 TODO
ch.qos.logback:logback-classic 1.1.2 TODO
ch.qos.logback:logback-core 1.1.2 TODO
com.codahale.metrics:metrics-annotation 3.0.2 TODO
com.codahale.metrics:metrics-core 3.0.2 TODO
com.codahale.metrics:metrics-healthchecks 3.0.2 TODO
com.codahale.metrics:metrics-httpclient 3.0.2 TODO
com.codahale.metrics:metrics-jersey 3.0.2 TODO
com.codahale.metrics:metrics-jetty9 3.0.2 TODO
com.codahale.metrics:metrics-json 3.0.2 TODO
com.codahale.metrics:metrics-jvm 3.0.2 TODO
com.codahale.metrics:metrics-logback 3.0.2 TODO
com.codahale.metrics:metrics-servlets 3.0.2 TODO
com.fasterxml.jackson.core:jackson-annotations 2.6.7 TODO
com.fasterxml.jackson.core:jackson-core 2.6.7 TODO
com.fasterxml.jackson.core:jackson-databind 2.6.7 TODO
com.fasterxml.jackson.dataformat:jackson-dataformat-yaml 2.6.7 TODO
com.fasterxml.jackson.datatype:jackson-datatype-guava 2.6.7 TODO
com.fasterxml.jackson.datatype:jackson-datatype-joda 2.6.7 TODO
com.fasterxml.jackson.jaxrs:jackson-jaxrs-base 2.6.7 TODO
com.fasterxml.jackson.jaxrs:jackson-jaxrs-json-provider 2.6.7 TODO
com.fasterxml.jackson.module:jackson-module-afterburner 2.6.7 TODO
com.fasterxml.jackson.module:jackson-module-jaxb-annotations 2.6.7 TODO
com.fasterxml:classmate 1.3.1 TODO
com.google.code.findbugs:jsr305 2.0.3 TODO
com.google.guava:guava 18.0 TODO
com.lowagie:itext 2.1.7 TODO
com.lowagie:itext 2.1.7 illegal:https://developers.itextpdf.com/question/versions-older-than-5
com.sun.jersey.contribs:jersey-apache-client4 1.19.4 TODO
com.sun.jersey:jersey-client 1.19.4 TODO
com.sun.jersey:jersey-core 1.19.4 TODO
com.sun.jersey:jersey-server 1.19.4 TODO
com.sun.jersey:jersey-servlet 1.19.4 TODO
com.thoughtworks.xstream:xstream 1.2.2 TODO
com.vaadin.external.google:android-json 0.0.20131108.vaadin1 TODO
commons-beanutils:commons-beanutils 1.6 TODO
commons-beanutils:commons-beanutils-bean-collections 1.7.0 TODO
commons-beanutils:commons-beanutils-core 1.7.0 TODO
commons-cli:commons-cli 1.2 TODO
commons-codec:commons-codec 1.6 TODO
commons-collections:commons-collections 3.2.2 TODO
commons-configuration:commons-configuration 1.1 TODO
commons-dbcp:commons-dbcp 1.2.2 TODO
commons-digester:commons-digester 1.5 TODO
commons-discovery:commons-discovery 0.2 TODO
commons-fileupload:commons-fileupload 1.1 TODO
commons-io:commons-io 2.5 TODO
commons-lang:commons-lang 2.6 TODO
commons-logging:commons-logging 1.2 TODO
commons-pool:commons-pool 1.5.4 TODO
dom4j:dom4j 1.6.1 TODO
font::glyphicons-halflings-regular 1.009 TODO
github::HubSpot/vex 3.0.0 ok
github::baconjs/bacon.js 0.7.73 ok
github::bbatliner/vex-dialog 1.0.6 ok
github::ckeditor/ckeditor-dev 4.6.2 ok
github::fyneworks/multifile 2.2.2 ok
github::jquery-form/form 3.51 ok
github::jquery/jquery 1.10.1 ok
github::jquery/sizzle 1.10.1 ok
github::tomsime/Scroll-to-Top 1.0.4 ok
github::xoxco/jQuery-Tags-Input 1.3.3 ok
io.dropwizard:dropwizard-assets 0.7.1 TODO
io.dropwizard:dropwizard-auth 0.7.1 TODO
io.dropwizard:dropwizard-client 0.7.1 TODO
io.dropwizard:dropwizard-configuration 0.7.1 TODO
io.dropwizard:dropwizard-core 0.7.1 TODO
io.dropwizard:dropwizard-jackson 0.7.1 TODO
io.dropwizard:dropwizard-jersey 0.7.1 TODO
io.dropwizard:dropwizard-jetty 0.7.1 TODO
io.dropwizard:dropwizard-lifecycle 0.7.1 TODO
io.dropwizard:dropwizard-logging 0.7.1 TODO
io.dropwizard:dropwizard-metrics 0.7.1 TODO
io.dropwizard:dropwizard-servlets 0.7.1 TODO
io.dropwizard:dropwizard-util 0.7.1 TODO
io.dropwizard:dropwizard-validation 0.7.1 TODO
javascript::unknown:clipboard 0 FAIL
javascript::unknown:dhtml 0 FAIL
javascript::unknown:utils 0 FAIL
javax.activation:activation 1.1 TODO
javax.annotation:javax.annotation-api 1.2 TODO
javax.el:javax.el-api 2.2.5 TODO
javax.mail:mail 1.4.7 TODO
javax.servlet:javax.servlet-api 3.1.0 TODO
javax.servlet:servlet-api 2.4 TODO
javax.validation:validation-api 1.1.0.Final TODO
javax.ws.rs:javax.ws.rs-api 2.0.1 TODO
javax.ws.rs:jsr311-api 1.1.1 TODO
jgoodies:forms 1.0.5 TODO
joda-time:joda-time 2.9 TODO
junit:junit 3.8.1 TODO
log4j:log4j 1.2.13 TODO
net.jodah:expiringmap 0.5.7 TODO
net.sourceforge.argparse4j:argparse4j 0.4.3 TODO
npm::angular 1.6.10 TODO
npm::angular-animate 1.6.10 TODO
npm::angular-aria 1.6.10 TODO
npm::angular-material 1.1.9 TODO
npm::angular-messages 1.6.10 TODO
npm::angular-route 1.6.10 TODO
npm::angular-translate 2.17.1 TODO
npm::angular-translate-loader-static-files 2.17.1 TODO
npm::angular-ui-bootstrap 1.3.3 TODO
npm::bulk-require 0.2.1 TODO
npm::glob 3.2.11 TODO
npm::inherits 2.0.3 TODO
npm::jquery-param 0.2.0 TODO
npm::lru-cache 2.7.3 TODO
npm::minimatch 0.3.0 TODO
npm::moment 2.22.1 TODO
npm::ng-file-upload 12.2.13 TODO
npm::sigmund 1.0.1 TODO
org.apache.axis:axis-jaxrpc 1.4 TODO
org.apache.axis:axis-saaj 1.4 TODO
org.apache.commons:commons-csv 1.2 TODO
org.apache.commons:commons-lang3 3.4 TODO
org.apache.httpcomponents:httpclient 4.5.1 TODO
org.apache.httpcomponents:httpcore 4.4.1 TODO
org.apache.logging.log4j:log4j-api 2.6.2 TODO
org.apache.logging.log4j:log4j-core 2.6.2 TODO
org.apache.logging.log4j:log4j-jcl 2.6.2 TODO
org.apache.lucene:lucene-core 2.2.0 TODO
org.apache.poi:poi 3.9 TODO
org.apache.tika:tika-core 1.10 TODO
org.bouncycastle:bcmail-jdk14 1.38 TODO
org.bouncycastle:bcprov-jdk14 1.38 TODO
org.bouncycastle:bctsp-jdk14 1.38 TODO
org.eclipse.jetty.toolchain.setuid:jetty-setuid-java 1.0.2 TODO
org.eclipse.jetty:jetty-continuation 9.0.7.v20131107 TODO
org.eclipse.jetty:jetty-http 9.0.7.v20131107 TODO
org.eclipse.jetty:jetty-io 9.0.7.v20131107 TODO
org.eclipse.jetty:jetty-security 9.0.7.v20131107 TODO
org.eclipse.jetty:jetty-server 9.0.7.v20131107 TODO
org.eclipse.jetty:jetty-servlet 9.0.7.v20131107 TODO
org.eclipse.jetty:jetty-servlets 9.0.7.v20131107 TODO
org.eclipse.jetty:jetty-util 9.0.7.v20131107 TODO
org.evolvis.tartools:background-jobs 1.18 TODO
org.evolvis.tartools:extract-tool 1.6 TODO
org.glassfish.hk2.external:aopalliance-repackaged 2.4.0-b34 TODO
org.glassfish.hk2.external:javax.inject 2.4.0-b34 TODO
org.glassfish.hk2:hk2-api 2.4.0-b34 TODO
org.glassfish.hk2:hk2-locator 2.4.0-b34 TODO
org.glassfish.hk2:hk2-utils 2.4.0-b34 TODO
org.glassfish.hk2:osgi-resource-locator 1.0.1 TODO
org.glassfish.jersey.bundles.repackaged:jersey-guava 2.22.2 TODO
org.glassfish.jersey.containers:jersey-container-servlet 2.22.2 TODO
org.glassfish.jersey.containers:jersey-container-servlet-core 2.22.2 TODO
org.glassfish.jersey.core:jersey-client 2.22.2 TODO
org.glassfish.jersey.core:jersey-common 2.22.2 TODO
org.glassfish.jersey.core:jersey-server 2.22.2 TODO
org.glassfish.jersey.ext:jersey-entity-filtering 2.22.2 TODO
org.glassfish.jersey.media:jersey-media-jaxb 2.22.2 TODO
org.glassfish.jersey.media:jersey-media-json-jackson 2.22.2 TODO
org.glassfish.jersey.media:jersey-media-multipart 2.22.2 TODO
org.glassfish.web:javax.el 2.2.6 TODO
org.hibernate.common:hibernate-commons-annotations 5.0.1.Final TODO
org.hibernate.javax.persistence:hibernate-jpa-2.1-api 1.0.0.Final TODO
org.hibernate:hibernate-core 5.2.13.Final TODO
org.hibernate:hibernate-validator 5.4.2.Final TODO
org.hibernate:hibernate-validator-annotation-processor 5.4.2.Final TODO
org.javassist:javassist 3.22.0-GA TODO
org.jboss.logging:jboss-logging 3.3.1.Final TODO
org.jboss.spec.javax.transaction:jboss-transaction-api_1.2_spec 1.0.1.Final TODO
org.jboss:jandex 2.0.3.Final TODO
org.jvnet.mimepull:mimepull 1.9.6 TODO
org.mitre.dsmiley.httpproxy:smiley-http-proxy-servlet 1.7 TODO
org.osiam:connector4java 1.8 TODO
org.osiam:scim-schema 1.6 TODO
org.postgresql:postgresql 42.2.1 TODO
org.projectlombok:lombok 1.14.4 TODO
org.slf4j:jcl-over-slf4j 1.7.12 TODO
org.slf4j:jul-to-slf4j 1.7.12 TODO
org.slf4j:log4j-over-slf4j 1.7.12 TODO
org.slf4j:slf4j-api 1.7.12 TODO
org.springframework:spring-aop 4.2.6.RELEASE TODO
org.springframework:spring-beans 4.2.6.RELEASE TODO
org.springframework:spring-context 4.2.6.RELEASE TODO
org.springframework:spring-core 4.2.6.RELEASE TODO
org.springframework:spring-expression 4.2.6.RELEASE TODO
org.springframework:spring-jdbc 4.2.6.RELEASE TODO
org.springframework:spring-tx 4.2.6.RELEASE TODO
org.yaml:snakeyaml 1.15 TODO
sourceforge::jscalendar 2006-02-11T12:32:59Z ok
velocity:velocity 1.4 TODO
velocity:velocity-dep 1.4 TODO
xerces:xercesImpl 2.2.1 TODO
xfire:xfire-jsr181-api 1.0-M1 TODO
xml-apis:xml-apis 1.0.b2 TODO
xmlrpc:xmlrpc 1.2-b1 TODO
xpp3:xpp3_min 1.1.3.4.O TODO
